
Clover EFI installer log - Tue Nov 26 19:12:48 CST 2019
Installer version: v2.5k r5099 EFI bootloader
======================================================
/dev/disk0 (internal, physical):
   #:                       TYPE NAME                    SIZE       IDENTIFIER
   0:     FDisk_partition_scheme                        *128.0 GB   disk0
   1:               Windows_NTFS win10                   127.0 GB   disk0s1
   2:                       0x17                         1.1 GB     disk0s2

/dev/disk1 (internal, physical):
   #:                       TYPE NAME                    SIZE       IDENTIFIER
   0:      GUID_partition_scheme                        *1.0 TB     disk1
   1:       Microsoft Basic Data 文件                    269.0 GB   disk1s1
   2:       Microsoft Basic Data program                 322.1 GB   disk1s2
   3:       Microsoft Basic Data                         214.7 GB   disk1s3
   4:       Microsoft Basic Data                         314.6 MB   disk1s4
   5: 1C361CE9-0B5C-4DB8-817D-F92DF00215AE               134.2 MB   disk1s5
   6:                 Apple_APFS Container disk2         193.7 GB   disk1s6

/dev/disk2 (synthesized):
   #:                       TYPE NAME                    SIZE       IDENTIFIER
   0:      APFS Container Scheme -                      +193.7 GB   disk2
                                 Physical Store disk1s6
   1:                APFS Volume mac - 数据              34.2 GB    disk2s1
   2:                APFS Volume Preboot                 82.1 MB    disk2s2
   3:                APFS Volume Recovery                528.5 MB   disk2s3
   4:                APFS Volume VM                      6.4 GB     disk2s4
   5:                APFS Volume mac                     10.9 GB    disk2s5

======================================================
Backing up EFI files

Backing up /Volumes/Untitled 1/EFIROOTDIR/EFI folder to /Volumes/Untitled 1/EFI-Backups/r/2019-11-26-19h12/EFI
======================================================
Installing BootSectors/BootLoader

Stage 0 - Don't write any of boot0af, boot0md, boot0ss to /Volumes/Untitled 1
Stage 1 - Don't write any of boot1h2, boot1f32alt, boot1xalt to /Volumes/Untitled 1
Stage 2 - Written boot6 (x64) to /Volumes/Untitled 1/boot

======================================================
=========== Clover EFI Installation Finish ===========
======================================================
